reaction class: addition
forward TS atoms:
  1: {symbol: C, implicit_hydrogen_valence: 0, stereo_parity: null}
  2: {symbol: C, implicit_hydrogen_valence: 0, stereo_parity: null}
  3: {symbol: H, implicit_hydrogen_valence: 0, stereo_parity: null}
  4: {symbol: H, implicit_hydrogen_valence: 0, stereo_parity: null}
  5: {symbol: H, implicit_hydrogen_valence: 0, stereo_parity: null}
  6: {symbol: C, implicit_hydrogen_valence: 0, stereo_parity: null}
  7: {symbol: H, implicit_hydrogen_valence: 0, stereo_parity: null}
  8: {symbol: H, implicit_hydrogen_valence: 0, stereo_parity: null}
  9: {symbol: H, implicit_hydrogen_valence: 0, stereo_parity: null}
  10: {symbol: O, implicit_hydrogen_valence: 0, stereo_parity: null}
  11: {symbol: H, implicit_hydrogen_valence: 0, stereo_parity: null}
forward TS bonds:
  1-2: {order: 1, stereo_parity: null}
  1-3: {order: 1, stereo_parity: null}
  1-4: {order: 1, stereo_parity: null}
  1-5: {order: 1, stereo_parity: null}
  2-6: {order: 1, stereo_parity: null}
  2-7: {order: 1, stereo_parity: null}
  6-8: {order: 1, stereo_parity: null}
  6-9: {order: 1, stereo_parity: null}
  6-10: {order: 0.1, stereo_parity: null}
  10-11: {order: 1, stereo_parity: null}
reactants keys:
- [1, 2, 3, 4, 5, 6, 7, 8, 9]
- [10, 11]
backward TS atoms:
  1: {symbol: C, implicit_hydrogen_valence: 0, stereo_parity: null}
  2: {symbol: C, implicit_hydrogen_valence: 0, stereo_parity: null}
  3: {symbol: C, implicit_hydrogen_valence: 0, stereo_parity: null}
  4: {symbol: O, implicit_hydrogen_valence: 0, stereo_parity: null}
  5: {symbol: H, implicit_hydrogen_valence: 0, stereo_parity: null}
  6: {symbol: H, implicit_hydrogen_valence: 0, stereo_parity: null}
  7: {symbol: H, implicit_hydrogen_valence: 0, stereo_parity: null}
  8: {symbol: H, implicit_hydrogen_valence: 0, stereo_parity: null}
  9: {symbol: H, implicit_hydrogen_valence: 0, stereo_parity: null}
  10: {symbol: H, implicit_hydrogen_valence: 0, stereo_parity: null}
  11: {symbol: H, implicit_hydrogen_valence: 0, stereo_parity: null}
backward TS bonds:
  1-2: {order: 1, stereo_parity: null}
  1-5: {order: 1, stereo_parity: null}
  1-6: {order: 1, stereo_parity: null}
  1-7: {order: 1, stereo_parity: null}
  2-3: {order: 1, stereo_parity: null}
  2-8: {order: 1, stereo_parity: null}
  3-4: {order: 0.9, stereo_parity: null}
  3-9: {order: 1, stereo_parity: null}
  3-10: {order: 1, stereo_parity: null}
  4-11: {order: 1, stereo_parity: null}
products keys:
- [1, 2, 3, 4, 5, 6, 7, 8, 9, 10, 11]

